[INFO] Scanning for projects...
Downloading from central: https://repo.maven.apache.org/maven2/org/springframework/boot/spring-boot-starter-parent/3.3.5/spring-boot-starter-parent-3.3.5.pom
[ERROR] [ERROR] Some problems were encountered while processing the POMs:
[FATAL] Non-resolvable parent POM for com.TodoBANC:PruerbaFinalPOO:0.0.1-SNAPSHOT: The following artifacts could not be resolved: org.springframework.boot:spring-boot-starter-parent:pom:3.3.5 (absent): Could not transfer artifact org.springframework.boot:spring-boot-starter-parent:pom:3.3.5 from/to central (https://repo.maven.apache.org/maven2): PKIX path building failed: sun.security.provider.certpath.SunCertPathBuilderException: unable to find valid certification path to requested target and 'parent.relativePath' points at no local POM @ line 5, column 10
 @ 
[ERROR] The build could not read 1 project -> [Help 1]
[ERROR]   
[ERROR]   The project com.TodoBANC:PruerbaFinalPOO:0.0.1-SNAPSHOT (C:\Users\USER\Documents\PruerbaFinalPOO\pom.xml) has 1 error
[ERROR]     Non-resolvable parent POM for com.TodoBANC:PruerbaFinalPOO:0.0.1-SNAPSHOT: The following artifacts could not be resolved: org.springframework.boot:spring-boot-starter-parent:pom:3.3.5 (absent): Could not transfer artifact org.springframework.boot:spring-boot-starter-parent:pom:3.3.5 from/to central (https://repo.maven.apache.org/maven2): PKIX path building failed: sun.security.provider.certpath.SunCertPathBuilderException: unable to find valid certification path to requested target and 'parent.relativePath' points at no local POM @ line 5, column 10 -> [Help 2]
[ERROR] 
[ERROR] To see the full stack trace of the errors, re-run Maven with the -e switch.
[ERROR] Re-run Maven using the -X switch to enable full debug logging.
[ERROR] 
[ERROR] For more information about the errors and possible solutions, please read the following articles:
[ERROR] [Help 1] http://cwiki.apache.org/confluence/display/MAVEN/ProjectBuildingException
[ERROR] [Help 2] http://cwiki.apache.org/confluence/display/MAVEN/UnresolvableModelException
